15:02:05.114 [ INFO] maestro.cli.runner.CliConsoleListener.onCommandStart: Define variables RUNNING
15:02:05.118 [ INFO] maestro.cli.runner.CliConsoleListener.onCommandFinished: Define variables COMPLETED
15:02:05.119 [ INFO] maestro.cli.runner.CliConsoleListener.onCommandStart: Apply configuration RUNNING
15:02:05.119 [ INFO] maestro.cli.runner.CliConsoleListener.onCommandFinished: Apply configuration COMPLETED
15:02:05.119 [ INFO] maestro.cli.runner.CliConsoleListener.onCommandStart: Launch app "com.fettqa.events.android" with clear state RUNNING
15:02:05.120 [ INFO] maestro.Maestro.clearAppState$lambda$8: Clearing app state com.fettqa.events.android
15:02:05.385 [ INFO] maestro.Maestro.launchApp$lambda$5: Launching app com.fettqa.events.android
15:02:05.385 [ INFO] maestro.Maestro.launchApp$lambda$5: Stopping com.fettqa.events.android app during launch
15:02:05.461 [ INFO] maestro.cli.runner.CliConsoleListener.onCommandFinished: Launch app "com.fettqa.events.android" with clear state COMPLETED
15:02:05.462 [ INFO] maestro.cli.runner.CliConsoleListener.onCommandStart: Tap on id: headerLoginButton RUNNING
15:02:07.109 [ INFO] maestro.Maestro.tap-HgV9Ck0: Tapping on element:  UiElement(treeNode=TreeNode(attributes={text=LOGIN, accessibilityText=, hintText=, ignoreBoundsFiltering=false, resource-id=com.fettqa.events.android:id/headerLoginButton, clickable=true, bounds=[63,80][151,128], enabled=true, focused=false, checked=false, scrollable=false, selected=false, class=android.widget.Button, important-for-accessibility=true, error=}, children=[], clickable=true, enabled=true, focused=false, checked=false, selected=false), bounds=Bounds(x=63, y=80, width=88, height=48))
15:02:08.380 [ INFO] maestro.Maestro.tap-HgV9Ck0: Tap aimed via settled hierarchy
15:02:08.384 [ INFO] maestro.Maestro.hierarchyBasedTap-ogj28Uc: Tapping at (107, 104) using hierarchy based logic for wait
15:02:09.499 [ INFO] maestro.Maestro.hierarchyBasedTap-ogj28Uc: Something has changed in the UI judging by view hierarchy. Proceed.
15:02:09.500 [ INFO] maestro.cli.runner.CliConsoleListener.onCommandFinished: Tap on id: headerLoginButton COMPLETED
15:02:09.500 [ INFO] maestro.cli.runner.CliConsoleListener.onCommandStart: Tap on id: emailInput RUNNING
15:02:09.617 [ INFO] maestro.Maestro.tap-HgV9Ck0: Tapping on element:  UiElement(treeNode=TreeNode(attributes={text=Email, accessibilityText=, hintText=Email, ignoreBoundsFiltering=false, resource-id=com.fettqa.events.android:id/emailInput, clickable=true, bounds=[24,132][296,188], enabled=true, focused=false, checked=false, scrollable=false, selected=false, class=android.widget.EditText, important-for-accessibility=true, error=}, children=[], clickable=true, enabled=true, focused=false, checked=false, selected=false), bounds=Bounds(x=24, y=132, width=272, height=56))
15:02:10.822 [ INFO] maestro.Maestro.tap-HgV9Ck0: Tap aimed via settled hierarchy
15:02:10.824 [ INFO] maestro.Maestro.hierarchyBasedTap-ogj28Uc: Tapping at (160, 160) using hierarchy based logic for wait
15:02:12.155 [ INFO] maestro.Maestro.hierarchyBasedTap-ogj28Uc: Something has changed in the UI judging by view hierarchy. Proceed.
15:02:12.156 [ INFO] maestro.cli.runner.CliConsoleListener.onCommandFinished: Tap on id: emailInput COMPLETED
15:02:12.156 [ INFO] maestro.cli.runner.CliConsoleListener.onCommandStart: Input text admin@example.com RUNNING
15:02:12.157 [ INFO] maestro.Maestro.inputText: Inputting text: admin@example.com
15:02:14.858 [ INFO] maestro.cli.runner.CliConsoleListener.onCommandFinished: Input text admin@example.com COMPLETED
15:02:14.858 [ INFO] maestro.cli.runner.CliConsoleListener.onCommandStart: Tap on id: passwordInput RUNNING
15:02:14.963 [ INFO] maestro.Maestro.tap-HgV9Ck0: Tapping on element:  UiElement(treeNode=TreeNode(attributes={text=Password, accessibilityText=, hintText=Password, ignoreBoundsFiltering=false, resource-id=com.fettqa.events.android:id/passwordInput, clickable=true, bounds=[24,200][296,256], enabled=true, focused=false, checked=false, scrollable=false, selected=false, class=android.widget.EditText, important-for-accessibility=true, error=}, children=[], clickable=true, enabled=true, focused=false, checked=false, selected=false), bounds=Bounds(x=24, y=200, width=272, height=56))
15:02:16.277 [ INFO] maestro.Maestro.tap-HgV9Ck0: Tap aimed via settled hierarchy
15:02:16.279 [ INFO] maestro.Maestro.hierarchyBasedTap-ogj28Uc: Tapping at (160, 228) using hierarchy based logic for wait
15:02:17.257 [ INFO] maestro.Maestro.hierarchyBasedTap-ogj28Uc: Something has changed in the UI judging by view hierarchy. Proceed.
15:02:17.258 [ INFO] maestro.cli.runner.CliConsoleListener.onCommandFinished: Tap on id: passwordInput COMPLETED
15:02:17.258 [ INFO] maestro.cli.runner.CliConsoleListener.onCommandStart: Input text wrong-password RUNNING
15:02:17.258 [ INFO] maestro.Maestro.inputText: Inputting text: wrong-password
15:02:19.517 [ INFO] maestro.cli.runner.CliConsoleListener.onCommandFinished: Input text wrong-password COMPLETED
15:02:19.517 [ INFO] maestro.cli.runner.CliConsoleListener.onCommandStart: Tap on id: loginButton RUNNING
15:02:19.626 [ INFO] maestro.Maestro.tap-HgV9Ck0: Tapping on element:  UiElement(treeNode=TreeNode(attributes={text=LOGIN, accessibilityText=, hintText=, ignoreBoundsFiltering=false, resource-id=com.fettqa.events.android:id/loginButton, clickable=true, bounds=[24,272][296,320], enabled=true, focused=false, checked=false, scrollable=false, selected=false, class=android.widget.Button, important-for-accessibility=true, error=}, children=[], clickable=true, enabled=true, focused=false, checked=false, selected=false), bounds=Bounds(x=24, y=272, width=272, height=48))
15:02:20.853 [ INFO] maestro.Maestro.tap-HgV9Ck0: Tap aimed via settled hierarchy
15:02:20.854 [ INFO] maestro.Maestro.hierarchyBasedTap-ogj28Uc: Tapping at (160, 296) using hierarchy based logic for wait
15:02:22.042 [ INFO] maestro.Maestro.hierarchyBasedTap-ogj28Uc: Something has changed in the UI judging by view hierarchy. Proceed.
15:02:22.042 [ INFO] maestro.cli.runner.CliConsoleListener.onCommandFinished: Tap on id: loginButton COMPLETED
15:02:22.043 [ INFO] maestro.cli.runner.CliConsoleListener.onCommandStart: Assert that id: errorText is visible RUNNING
15:02:22.146 [ INFO] maestro.cli.runner.CliConsoleListener.onCommandFinished: Assert that id: errorText is visible COMPLETED
15:02:22.146 [ INFO] maestro.cli.runner.CliConsoleListener.onCommandStart: Assert that "bad credentials" is visible RUNNING
15:02:22.265 [ INFO] maestro.cli.runner.CliConsoleListener.onCommandFinished: Assert that "bad credentials" is visible COMPLETED
