14:51:59.194 [ INFO] maestro.cli.runner.CliConsoleListener.onCommandStart: Define variables RUNNING
14:51:59.195 [ INFO] maestro.cli.runner.CliConsoleListener.onCommandFinished: Define variables COMPLETED
14:51:59.195 [ INFO] maestro.cli.runner.CliConsoleListener.onCommandStart: Apply configuration RUNNING
14:51:59.195 [ INFO] maestro.cli.runner.CliConsoleListener.onCommandFinished: Apply configuration COMPLETED
14:51:59.195 [ INFO] maestro.cli.runner.CliConsoleListener.onCommandStart: Launch app "com.fettqa.events.android" with clear state RUNNING
14:51:59.196 [ INFO] maestro.Maestro.clearAppState$lambda$8: Clearing app state com.fettqa.events.android
14:51:59.470 [ INFO] maestro.Maestro.launchApp$lambda$5: Launching app com.fettqa.events.android
14:51:59.471 [ INFO] maestro.Maestro.launchApp$lambda$5: Stopping com.fettqa.events.android app during launch
14:51:59.603 [ INFO] maestro.cli.runner.CliConsoleListener.onCommandFinished: Launch app "com.fettqa.events.android" with clear state COMPLETED
14:51:59.604 [ INFO] maestro.cli.runner.CliConsoleListener.onCommandStart: Run subflows/login_as_admin.yaml RUNNING
14:51:59.606 [ INFO] maestro.cli.runner.CliConsoleListener.onCommandStart: Apply configuration RUNNING
14:51:59.606 [ INFO] maestro.cli.runner.CliConsoleListener.onCommandFinished: Apply configuration COMPLETED
14:51:59.607 [ INFO] maestro.cli.runner.CliConsoleListener.onCommandStart: Tap on id: headerLoginButton RUNNING
14:52:00.769 [ INFO] maestro.Maestro.tap-HgV9Ck0: Tapping on element:  UiElement(treeNode=TreeNode(attributes={text=LOGIN, accessibilityText=, hintText=, ignoreBoundsFiltering=false, resource-id=com.fettqa.events.android:id/headerLoginButton, clickable=true, bounds=[63,80][151,128], enabled=true, focused=false, checked=false, scrollable=false, selected=false, class=android.widget.Button, important-for-accessibility=true, error=}, children=[], clickable=true, enabled=true, focused=false, checked=false, selected=false), bounds=Bounds(x=63, y=80, width=88, height=48))
14:52:01.972 [ INFO] maestro.Maestro.tap-HgV9Ck0: Tap aimed via settled hierarchy
14:52:01.973 [ INFO] maestro.Maestro.hierarchyBasedTap-ogj28Uc: Tapping at (107, 104) using hierarchy based logic for wait
14:52:03.304 [ INFO] maestro.Maestro.hierarchyBasedTap-ogj28Uc: Something has changed in the UI judging by view hierarchy. Proceed.
14:52:03.304 [ INFO] maestro.cli.runner.CliConsoleListener.onCommandFinished: Tap on id: headerLoginButton COMPLETED
14:52:03.304 [ INFO] maestro.cli.runner.CliConsoleListener.onCommandStart: Assert that "Sign in" is visible RUNNING
14:52:03.416 [ INFO] maestro.cli.runner.CliConsoleListener.onCommandFinished: Assert that "Sign in" is visible COMPLETED
14:52:03.416 [ INFO] maestro.cli.runner.CliConsoleListener.onCommandStart: Tap on id: emailInput RUNNING
14:52:03.500 [ INFO] maestro.Maestro.tap-HgV9Ck0: Tapping on element:  UiElement(treeNode=TreeNode(attributes={text=Email, accessibilityText=, hintText=Email, ignoreBoundsFiltering=false, resource-id=com.fettqa.events.android:id/emailInput, clickable=true, bounds=[24,132][296,188], enabled=true, focused=false, checked=false, scrollable=false, selected=false, class=android.widget.EditText, important-for-accessibility=true, error=}, children=[], clickable=true, enabled=true, focused=false, checked=false, selected=false), bounds=Bounds(x=24, y=132, width=272, height=56))
14:52:04.784 [ INFO] maestro.Maestro.tap-HgV9Ck0: Tap aimed via settled hierarchy
14:52:04.785 [ INFO] maestro.Maestro.hierarchyBasedTap-ogj28Uc: Tapping at (160, 160) using hierarchy based logic for wait
14:52:05.759 [ INFO] maestro.Maestro.hierarchyBasedTap-ogj28Uc: Something has changed in the UI judging by view hierarchy. Proceed.
14:52:05.759 [ INFO] maestro.cli.runner.CliConsoleListener.onCommandFinished: Tap on id: emailInput COMPLETED
14:52:05.759 [ INFO] maestro.cli.runner.CliConsoleListener.onCommandStart: Input text admin@example.com RUNNING
14:52:05.759 [ INFO] maestro.Maestro.inputText: Inputting text: admin@example.com
14:52:08.379 [ INFO] maestro.cli.runner.CliConsoleListener.onCommandFinished: Input text admin@example.com COMPLETED
14:52:08.379 [ INFO] maestro.cli.runner.CliConsoleListener.onCommandStart: Tap on id: passwordInput RUNNING
14:52:08.478 [ INFO] maestro.Maestro.tap-HgV9Ck0: Tapping on element:  UiElement(treeNode=TreeNode(attributes={text=Password, accessibilityText=, hintText=Password, ignoreBoundsFiltering=false, resource-id=com.fettqa.events.android:id/passwordInput, clickable=true, bounds=[24,200][296,256], enabled=true, focused=false, checked=false, scrollable=false, selected=false, class=android.widget.EditText, important-for-accessibility=true, error=}, children=[], clickable=true, enabled=true, focused=false, checked=false, selected=false), bounds=Bounds(x=24, y=200, width=272, height=56))
14:52:09.703 [ INFO] maestro.Maestro.tap-HgV9Ck0: Tap aimed via settled hierarchy
14:52:09.704 [ INFO] maestro.Maestro.hierarchyBasedTap-ogj28Uc: Tapping at (160, 228) using hierarchy based logic for wait
14:52:10.668 [ INFO] maestro.Maestro.hierarchyBasedTap-ogj28Uc: Something has changed in the UI judging by view hierarchy. Proceed.
14:52:10.668 [ INFO] maestro.cli.runner.CliConsoleListener.onCommandFinished: Tap on id: passwordInput COMPLETED
14:52:10.669 [ INFO] maestro.cli.runner.CliConsoleListener.onCommandStart: Input text admin123 RUNNING
14:52:10.669 [ INFO] maestro.Maestro.inputText: Inputting text: admin123
14:52:12.232 [ INFO] maestro.cli.runner.CliConsoleListener.onCommandFinished: Input text admin123 COMPLETED
14:52:12.232 [ INFO] maestro.cli.runner.CliConsoleListener.onCommandStart: Tap on id: loginButton RUNNING
14:52:12.333 [ INFO] maestro.Maestro.tap-HgV9Ck0: Tapping on element:  UiElement(treeNode=TreeNode(attributes={text=LOGIN, accessibilityText=, hintText=, ignoreBoundsFiltering=false, resource-id=com.fettqa.events.android:id/loginButton, clickable=true, bounds=[24,272][296,320], enabled=true, focused=false, checked=false, scrollable=false, selected=false, class=android.widget.Button, important-for-accessibility=true, error=}, children=[], clickable=true, enabled=true, focused=false, checked=false, selected=false), bounds=Bounds(x=24, y=272, width=272, height=48))
14:52:13.556 [ INFO] maestro.Maestro.tap-HgV9Ck0: Tap aimed via settled hierarchy
14:52:13.557 [ INFO] maestro.Maestro.hierarchyBasedTap-ogj28Uc: Tapping at (160, 296) using hierarchy based logic for wait
14:52:14.712 [ INFO] maestro.Maestro.hierarchyBasedTap-ogj28Uc: Something has changed in the UI judging by view hierarchy. Proceed.
14:52:14.712 [ INFO] maestro.cli.runner.CliConsoleListener.onCommandFinished: Tap on id: loginButton COMPLETED
14:52:14.712 [ INFO] maestro.cli.runner.CliConsoleListener.onCommandStart: Assert that "Events" is visible RUNNING
14:52:14.788 [ INFO] maestro.cli.runner.CliConsoleListener.onCommandFinished: Assert that "Events" is visible COMPLETED
14:52:14.788 [ INFO] maestro.cli.runner.CliConsoleListener.onCommandStart: Assert that "admin@example.com" is visible RUNNING
14:52:14.904 [ INFO] maestro.cli.runner.CliConsoleListener.onCommandFinished: Assert that "admin@example.com" is visible COMPLETED
14:52:14.904 [ INFO] maestro.cli.runner.CliConsoleListener.onCommandStart: Assert that "Role: ADMIN" is visible RUNNING
14:52:14.992 [ INFO] maestro.cli.runner.CliConsoleListener.onCommandFinished: Assert that "Role: ADMIN" is visible COMPLETED
14:52:14.993 [ INFO] maestro.cli.runner.CliConsoleListener.onCommandFinished: Run subflows/login_as_admin.yaml COMPLETED
14:52:14.993 [ INFO] maestro.cli.runner.CliConsoleListener.onCommandStart: Tap on id: createEventFab RUNNING
14:52:15.107 [ INFO] maestro.Maestro.tap-HgV9Ck0: Tapping on element:  UiElement(treeNode=TreeNode(attributes={text=, accessibilityText=Create event, hintText=, ignoreBoundsFiltering=false, resource-id=com.fettqa.events.android:id/createEventFab, clickable=true, bounds=[248,568][304,624], enabled=true, focused=false, checked=false, scrollable=false, selected=false, class=android.widget.ImageButton, important-for-accessibility=true, error=}, children=[], clickable=true, enabled=true, focused=false, checked=false, selected=false), bounds=Bounds(x=248, y=568, width=56, height=56))
14:52:16.304 [ INFO] maestro.Maestro.tap-HgV9Ck0: Tap aimed via settled hierarchy
14:52:16.305 [ INFO] maestro.Maestro.hierarchyBasedTap-ogj28Uc: Tapping at (276, 596) using hierarchy based logic for wait
14:52:17.284 [ INFO] maestro.Maestro.hierarchyBasedTap-ogj28Uc: Something has changed in the UI judging by view hierarchy. Proceed.
14:52:17.284 [ INFO] maestro.cli.runner.CliConsoleListener.onCommandFinished: Tap on id: createEventFab COMPLETED
14:52:17.284 [ INFO] maestro.cli.runner.CliConsoleListener.onCommandStart: Assert that "Create event" is visible RUNNING
14:52:17.402 [ INFO] maestro.cli.runner.CliConsoleListener.onCommandFinished: Assert that "Create event" is visible COMPLETED
14:52:17.403 [ INFO] maestro.cli.runner.CliConsoleListener.onCommandStart: Tap on id: nameInput RUNNING
14:52:17.479 [ INFO] maestro.Maestro.tap-HgV9Ck0: Tapping on element:  UiElement(treeNode=TreeNode(attributes={text=Event name, accessibilityText=, hintText=Event name, ignoreBoundsFiltering=false, resource-id=com.fettqa.events.android:id/nameInput, clickable=true, bounds=[24,104][296,160], enabled=true, focused=false, checked=false, scrollable=false, selected=false, class=android.widget.EditText, important-for-accessibility=true, error=}, children=[], clickable=true, enabled=true, focused=false, checked=false, selected=false), bounds=Bounds(x=24, y=104, width=272, height=56))
14:52:18.670 [ INFO] maestro.Maestro.tap-HgV9Ck0: Tap aimed via settled hierarchy
14:52:18.671 [ INFO] maestro.Maestro.hierarchyBasedTap-ogj28Uc: Tapping at (160, 132) using hierarchy based logic for wait
14:52:19.594 [ INFO] maestro.Maestro.hierarchyBasedTap-ogj28Uc: Something has changed in the UI judging by view hierarchy. Proceed.
14:52:19.594 [ INFO] maestro.cli.runner.CliConsoleListener.onCommandFinished: Tap on id: nameInput COMPLETED
14:52:19.594 [ INFO] maestro.cli.runner.CliConsoleListener.onCommandStart: Input text Maestro Reg  RUNNING
14:52:19.594 [ INFO] maestro.Maestro.inputText: Inputting text: Maestro Reg 
14:52:21.698 [ INFO] maestro.cli.runner.CliConsoleListener.onCommandFinished: Input text Maestro Reg  COMPLETED
14:52:21.699 [ INFO] maestro.cli.runner.CliConsoleListener.onCommandStart: Input text random NUMBER RUNNING
14:52:21.699 [ INFO] maestro.Maestro.inputText: Inputting text: 535308
14:52:23.022 [ INFO] maestro.cli.runner.CliConsoleListener.onCommandFinished: Input text random NUMBER COMPLETED
14:52:23.022 [ INFO] maestro.cli.runner.CliConsoleListener.onCommandStart: Tap on id: seatsInput RUNNING
14:52:23.122 [ INFO] maestro.Maestro.tap-HgV9Ck0: Tapping on element:  UiElement(treeNode=TreeNode(attributes={text=Max seats, accessibilityText=, hintText=Max seats, ignoreBoundsFiltering=false, resource-id=com.fettqa.events.android:id/seatsInput, clickable=true, bounds=[24,172][296,228], enabled=true, focused=false, checked=false, scrollable=false, selected=false, class=android.widget.EditText, important-for-accessibility=true, error=}, children=[], clickable=true, enabled=true, focused=false, checked=false, selected=false), bounds=Bounds(x=24, y=172, width=272, height=56))
14:52:24.870 [ INFO] maestro.Maestro.tap-HgV9Ck0: Tap aimed via settled hierarchy
14:52:24.871 [ INFO] maestro.Maestro.hierarchyBasedTap-ogj28Uc: Tapping at (160, 200) using hierarchy based logic for wait
14:52:25.700 [ INFO] maestro.Maestro.hierarchyBasedTap-ogj28Uc: Something has changed in the UI judging by view hierarchy. Proceed.
14:52:25.700 [ INFO] maestro.cli.runner.CliConsoleListener.onCommandFinished: Tap on id: seatsInput COMPLETED
14:52:25.700 [ INFO] maestro.cli.runner.CliConsoleListener.onCommandStart: Input text 25 RUNNING
14:52:25.700 [ INFO] maestro.Maestro.inputText: Inputting text: 25
14:52:26.552 [ INFO] maestro.cli.runner.CliConsoleListener.onCommandFinished: Input text 25 COMPLETED
14:52:26.553 [ INFO] maestro.cli.runner.CliConsoleListener.onCommandStart: Tap on id: submitButton RUNNING
14:52:26.680 [ INFO] maestro.Maestro.tap-HgV9Ck0: Tapping on element:  UiElement(treeNode=TreeNode(attributes={text=SUBMIT, accessibilityText=, hintText=, ignoreBoundsFiltering=false, resource-id=com.fettqa.events.android:id/submitButton, clickable=true, bounds=[24,244][296,292], enabled=true, focused=false, checked=false, scrollable=false, selected=false, class=android.widget.Button, important-for-accessibility=true, error=}, children=[], clickable=true, enabled=true, focused=false, checked=false, selected=false), bounds=Bounds(x=24, y=244, width=272, height=48))
14:52:27.920 [ INFO] maestro.Maestro.tap-HgV9Ck0: Tap aimed via settled hierarchy
14:52:27.921 [ INFO] maestro.Maestro.hierarchyBasedTap-ogj28Uc: Tapping at (160, 268) using hierarchy based logic for wait
14:52:29.144 [ INFO] maestro.Maestro.hierarchyBasedTap-ogj28Uc: Something has changed in the UI judging by view hierarchy. Proceed.
14:52:29.144 [ INFO] maestro.cli.runner.CliConsoleListener.onCommandFinished: Tap on id: submitButton COMPLETED
14:52:29.145 [ INFO] maestro.cli.runner.CliConsoleListener.onCommandStart: Assert that id: registerButton is visible RUNNING
14:52:29.224 [ INFO] maestro.cli.runner.CliConsoleListener.onCommandFinished: Assert that id: registerButton is visible COMPLETED
14:52:29.224 [ INFO] maestro.cli.runner.CliConsoleListener.onCommandStart: Tap on id: registerButton RUNNING
14:52:29.308 [ INFO] maestro.Maestro.tap-HgV9Ck0: Tapping on element:  UiElement(treeNode=TreeNode(attributes={text=REGISTER FOR EVENT, accessibilityText=, hintText=, ignoreBoundsFiltering=false, resource-id=com.fettqa.events.android:id/registerButton, clickable=true, bounds=[16,331][304,379], enabled=true, focused=false, checked=false, scrollable=false, selected=false, class=android.widget.Button, important-for-accessibility=true, error=}, children=[], clickable=true, enabled=true, focused=false, checked=false, selected=false), bounds=Bounds(x=16, y=331, width=288, height=48))
14:52:30.552 [ INFO] maestro.Maestro.tap-HgV9Ck0: Tap aimed via settled hierarchy
14:52:30.553 [ INFO] maestro.Maestro.hierarchyBasedTap-ogj28Uc: Tapping at (160, 355) using hierarchy based logic for wait
14:52:31.641 [ INFO] maestro.Maestro.hierarchyBasedTap-ogj28Uc: Something has changed in the UI judging by view hierarchy. Proceed.
14:52:31.642 [ INFO] maestro.cli.runner.CliConsoleListener.onCommandFinished: Tap on id: registerButton COMPLETED
14:52:31.642 [ INFO] maestro.cli.runner.CliConsoleListener.onCommandStart: Assert that "You are registered" is visible RUNNING
14:52:31.773 [ INFO] maestro.cli.runner.CliConsoleListener.onCommandFinished: Assert that "You are registered" is visible COMPLETED
14:52:31.773 [ INFO] maestro.cli.runner.CliConsoleListener.onCommandStart: Assert that id: registrationsRecycler is visible RUNNING
14:52:31.873 [ INFO] maestro.cli.runner.CliConsoleListener.onCommandFinished: Assert that id: registrationsRecycler is visible COMPLETED
