11:04:29.509 [ INFO] maestro.cli.runner.CliConsoleListener.onCommandStart: Define variables RUNNING
11:04:29.510 [ INFO] maestro.cli.runner.CliConsoleListener.onCommandFinished: Define variables COMPLETED
11:04:29.510 [ INFO] maestro.cli.runner.CliConsoleListener.onCommandStart: Apply configuration RUNNING
11:04:29.510 [ INFO] maestro.cli.runner.CliConsoleListener.onCommandFinished: Apply configuration COMPLETED
11:04:29.511 [ INFO] maestro.cli.runner.CliConsoleListener.onCommandStart: Launch app "com.fettqa.events.android" with clear state RUNNING
11:04:29.511 [ INFO] maestro.Maestro.clearAppState$lambda$8: Clearing app state com.fettqa.events.android
11:04:29.843 [ INFO] maestro.Maestro.launchApp$lambda$5: Launching app com.fettqa.events.android
11:04:29.843 [ INFO] maestro.Maestro.launchApp$lambda$5: Stopping com.fettqa.events.android app during launch
11:04:29.906 [ INFO] maestro.cli.runner.CliConsoleListener.onCommandFinished: Launch app "com.fettqa.events.android" with clear state COMPLETED
11:04:29.906 [ INFO] maestro.cli.runner.CliConsoleListener.onCommandStart: Run subflows/login_as_admin.yaml RUNNING
11:04:29.907 [ INFO] maestro.cli.runner.CliConsoleListener.onCommandStart: Apply configuration RUNNING
11:04:29.907 [ INFO] maestro.cli.runner.CliConsoleListener.onCommandFinished: Apply configuration COMPLETED
11:04:29.907 [ INFO] maestro.cli.runner.CliConsoleListener.onCommandStart: Tap on id: headerLoginButton RUNNING
11:04:31.276 [ INFO] maestro.Maestro.tap-HgV9Ck0: Tapping on element:  UiElement(treeNode=TreeNode(attributes={text=LOGIN, accessibilityText=, hintText=, ignoreBoundsFiltering=false, resource-id=com.fettqa.events.android:id/headerLoginButton, clickable=true, bounds=[63,80][151,128], enabled=true, focused=false, checked=false, scrollable=false, selected=false, class=android.widget.Button, important-for-accessibility=true, error=}, children=[], clickable=true, enabled=true, focused=false, checked=false, selected=false), bounds=Bounds(x=63, y=80, width=88, height=48))
11:04:32.479 [ INFO] maestro.Maestro.tap-HgV9Ck0: Tap aimed via settled hierarchy
11:04:32.480 [ INFO] maestro.Maestro.hierarchyBasedTap-ogj28Uc: Tapping at (107, 104) using hierarchy based logic for wait
11:04:33.781 [ INFO] maestro.Maestro.hierarchyBasedTap-ogj28Uc: Something has changed in the UI judging by view hierarchy. Proceed.
11:04:33.782 [ INFO] maestro.cli.runner.CliConsoleListener.onCommandFinished: Tap on id: headerLoginButton COMPLETED
11:04:33.782 [ INFO] maestro.cli.runner.CliConsoleListener.onCommandStart: Assert that "Sign in" is visible RUNNING
11:04:33.899 [ INFO] maestro.cli.runner.CliConsoleListener.onCommandFinished: Assert that "Sign in" is visible COMPLETED
11:04:33.900 [ INFO] maestro.cli.runner.CliConsoleListener.onCommandStart: Tap on id: emailInput RUNNING
11:04:33.979 [ INFO] maestro.Maestro.tap-HgV9Ck0: Tapping on element:  UiElement(treeNode=TreeNode(attributes={text=Email, accessibilityText=, hintText=Email, ignoreBoundsFiltering=false, resource-id=com.fettqa.events.android:id/emailInput, clickable=true, bounds=[24,132][296,188], enabled=true, focused=false, checked=false, scrollable=false, selected=false, class=android.widget.EditText, important-for-accessibility=true, error=}, children=[], clickable=true, enabled=true, focused=false, checked=false, selected=false), bounds=Bounds(x=24, y=132, width=272, height=56))
11:04:35.223 [ INFO] maestro.Maestro.tap-HgV9Ck0: Tap aimed via settled hierarchy
11:04:35.224 [ INFO] maestro.Maestro.hierarchyBasedTap-ogj28Uc: Tapping at (160, 160) using hierarchy based logic for wait
11:04:36.150 [ INFO] maestro.Maestro.hierarchyBasedTap-ogj28Uc: Something has changed in the UI judging by view hierarchy. Proceed.
11:04:36.150 [ INFO] maestro.cli.runner.CliConsoleListener.onCommandFinished: Tap on id: emailInput COMPLETED
11:04:36.150 [ INFO] maestro.cli.runner.CliConsoleListener.onCommandStart: Input text admin@example.com RUNNING
11:04:36.151 [ INFO] maestro.Maestro.inputText: Inputting text: admin@example.com
11:04:38.798 [ INFO] maestro.cli.runner.CliConsoleListener.onCommandFinished: Input text admin@example.com COMPLETED
11:04:38.798 [ INFO] maestro.cli.runner.CliConsoleListener.onCommandStart: Tap on id: passwordInput RUNNING
11:04:38.903 [ INFO] maestro.Maestro.tap-HgV9Ck0: Tapping on element:  UiElement(treeNode=TreeNode(attributes={text=Password, accessibilityText=, hintText=Password, ignoreBoundsFiltering=false, resource-id=com.fettqa.events.android:id/passwordInput, clickable=true, bounds=[24,200][296,256], enabled=true, focused=false, checked=false, scrollable=false, selected=false, class=android.widget.EditText, important-for-accessibility=true, error=}, children=[], clickable=true, enabled=true, focused=false, checked=false, selected=false), bounds=Bounds(x=24, y=200, width=272, height=56))
11:04:40.194 [ INFO] maestro.Maestro.tap-HgV9Ck0: Tap aimed via settled hierarchy
11:04:40.195 [ INFO] maestro.Maestro.hierarchyBasedTap-ogj28Uc: Tapping at (160, 228) using hierarchy based logic for wait
11:04:41.171 [ INFO] maestro.Maestro.hierarchyBasedTap-ogj28Uc: Something has changed in the UI judging by view hierarchy. Proceed.
11:04:41.171 [ INFO] maestro.cli.runner.CliConsoleListener.onCommandFinished: Tap on id: passwordInput COMPLETED
11:04:41.171 [ INFO] maestro.cli.runner.CliConsoleListener.onCommandStart: Input text admin123 RUNNING
11:04:41.171 [ INFO] maestro.Maestro.inputText: Inputting text: admin123
11:04:42.716 [ INFO] maestro.cli.runner.CliConsoleListener.onCommandFinished: Input text admin123 COMPLETED
11:04:42.716 [ INFO] maestro.cli.runner.CliConsoleListener.onCommandStart: Tap on id: loginButton RUNNING
11:04:42.824 [ INFO] maestro.Maestro.tap-HgV9Ck0: Tapping on element:  UiElement(treeNode=TreeNode(attributes={text=LOGIN, accessibilityText=, hintText=, ignoreBoundsFiltering=false, resource-id=com.fettqa.events.android:id/loginButton, clickable=true, bounds=[24,272][296,320], enabled=true, focused=false, checked=false, scrollable=false, selected=false, class=android.widget.Button, important-for-accessibility=true, error=}, children=[], clickable=true, enabled=true, focused=false, checked=false, selected=false), bounds=Bounds(x=24, y=272, width=272, height=48))
11:04:44.052 [ INFO] maestro.Maestro.tap-HgV9Ck0: Tap aimed via settled hierarchy
11:04:44.053 [ INFO] maestro.Maestro.hierarchyBasedTap-ogj28Uc: Tapping at (160, 296) using hierarchy based logic for wait
11:04:45.260 [ INFO] maestro.Maestro.hierarchyBasedTap-ogj28Uc: Something has changed in the UI judging by view hierarchy. Proceed.
11:04:45.260 [ INFO] maestro.cli.runner.CliConsoleListener.onCommandFinished: Tap on id: loginButton COMPLETED
11:04:45.260 [ INFO] maestro.cli.runner.CliConsoleListener.onCommandStart: Assert that "Events" is visible RUNNING
11:04:45.376 [ INFO] maestro.cli.runner.CliConsoleListener.onCommandFinished: Assert that "Events" is visible COMPLETED
11:04:45.376 [ INFO] maestro.cli.runner.CliConsoleListener.onCommandStart: Assert that "admin@example.com" is visible RUNNING
11:04:45.424 [ INFO] maestro.cli.runner.CliConsoleListener.onCommandFinished: Assert that "admin@example.com" is visible COMPLETED
11:04:45.425 [ INFO] maestro.cli.runner.CliConsoleListener.onCommandStart: Assert that "Role: ADMIN" is visible RUNNING
11:04:45.540 [ INFO] maestro.cli.runner.CliConsoleListener.onCommandFinished: Assert that "Role: ADMIN" is visible COMPLETED
11:04:45.540 [ INFO] maestro.cli.runner.CliConsoleListener.onCommandFinished: Run subflows/login_as_admin.yaml COMPLETED
11:04:45.540 [ INFO] maestro.cli.runner.CliConsoleListener.onCommandStart: Assert that id: headerAdminButton is visible RUNNING
11:04:45.663 [ INFO] maestro.cli.runner.CliConsoleListener.onCommandFinished: Assert that id: headerAdminButton is visible COMPLETED
11:04:45.664 [ INFO] maestro.cli.runner.CliConsoleListener.onCommandStart: Assert that id: createEventFab is visible RUNNING
11:04:45.752 [ INFO] maestro.cli.runner.CliConsoleListener.onCommandFinished: Assert that id: createEventFab is visible COMPLETED
