11:03:56.474 [ INFO] maestro.cli.runner.CliConsoleListener.onCommandStart: Define variables RUNNING
11:03:56.474 [ INFO] maestro.cli.runner.CliConsoleListener.onCommandFinished: Define variables COMPLETED
11:03:56.474 [ INFO] maestro.cli.runner.CliConsoleListener.onCommandStart: Apply configuration RUNNING
11:03:56.475 [ INFO] maestro.cli.runner.CliConsoleListener.onCommandFinished: Apply configuration COMPLETED
11:03:56.475 [ INFO] maestro.cli.runner.CliConsoleListener.onCommandStart: Launch app "com.fettqa.events.android" with clear state RUNNING
11:03:56.475 [ INFO] maestro.Maestro.clearAppState$lambda$8: Clearing app state com.fettqa.events.android
11:03:56.749 [ INFO] maestro.Maestro.launchApp$lambda$5: Launching app com.fettqa.events.android
11:03:56.749 [ INFO] maestro.Maestro.launchApp$lambda$5: Stopping com.fettqa.events.android app during launch
11:03:56.802 [ INFO] maestro.cli.runner.CliConsoleListener.onCommandFinished: Launch app "com.fettqa.events.android" with clear state COMPLETED
11:03:56.803 [ INFO] maestro.cli.runner.CliConsoleListener.onCommandStart: Run subflows/login_as_admin.yaml RUNNING
11:03:56.805 [ INFO] maestro.cli.runner.CliConsoleListener.onCommandStart: Apply configuration RUNNING
11:03:56.806 [ INFO] maestro.cli.runner.CliConsoleListener.onCommandFinished: Apply configuration COMPLETED
11:03:56.806 [ INFO] maestro.cli.runner.CliConsoleListener.onCommandStart: Tap on id: headerLoginButton RUNNING
11:03:57.987 [ INFO] maestro.Maestro.tap-HgV9Ck0: Tapping on element:  UiElement(treeNode=TreeNode(attributes={text=LOGIN, accessibilityText=, hintText=, ignoreBoundsFiltering=false, resource-id=com.fettqa.events.android:id/headerLoginButton, clickable=true, bounds=[63,80][151,128], enabled=true, focused=false, checked=false, scrollable=false, selected=false, class=android.widget.Button, important-for-accessibility=true, error=}, children=[], clickable=true, enabled=true, focused=false, checked=false, selected=false), bounds=Bounds(x=63, y=80, width=88, height=48))
11:03:59.195 [ INFO] maestro.Maestro.tap-HgV9Ck0: Tap aimed via settled hierarchy
11:03:59.196 [ INFO] maestro.Maestro.hierarchyBasedTap-ogj28Uc: Tapping at (107, 104) using hierarchy based logic for wait
11:04:00.899 [ INFO] maestro.Maestro.hierarchyBasedTap-ogj28Uc: Something has changed in the UI judging by view hierarchy. Proceed.
11:04:00.900 [ INFO] maestro.cli.runner.CliConsoleListener.onCommandFinished: Tap on id: headerLoginButton COMPLETED
11:04:00.900 [ INFO] maestro.cli.runner.CliConsoleListener.onCommandStart: Assert that "Sign in" is visible RUNNING
11:04:00.979 [ INFO] maestro.cli.runner.CliConsoleListener.onCommandFinished: Assert that "Sign in" is visible COMPLETED
11:04:00.980 [ INFO] maestro.cli.runner.CliConsoleListener.onCommandStart: Tap on id: emailInput RUNNING
11:04:01.067 [ INFO] maestro.Maestro.tap-HgV9Ck0: Tapping on element:  UiElement(treeNode=TreeNode(attributes={text=Email, accessibilityText=, hintText=Email, ignoreBoundsFiltering=false, resource-id=com.fettqa.events.android:id/emailInput, clickable=true, bounds=[24,132][296,188], enabled=true, focused=false, checked=false, scrollable=false, selected=false, class=android.widget.EditText, important-for-accessibility=true, error=}, children=[], clickable=true, enabled=true, focused=false, checked=false, selected=false), bounds=Bounds(x=24, y=132, width=272, height=56))
11:04:02.327 [ INFO] maestro.Maestro.tap-HgV9Ck0: Tap aimed via settled hierarchy
11:04:02.328 [ INFO] maestro.Maestro.hierarchyBasedTap-ogj28Uc: Tapping at (160, 160) using hierarchy based logic for wait
11:04:03.262 [ INFO] maestro.Maestro.hierarchyBasedTap-ogj28Uc: Something has changed in the UI judging by view hierarchy. Proceed.
11:04:03.262 [ INFO] maestro.cli.runner.CliConsoleListener.onCommandFinished: Tap on id: emailInput COMPLETED
11:04:03.262 [ INFO] maestro.cli.runner.CliConsoleListener.onCommandStart: Input text admin@example.com RUNNING
11:04:03.262 [ INFO] maestro.Maestro.inputText: Inputting text: admin@example.com
11:04:05.878 [ INFO] maestro.cli.runner.CliConsoleListener.onCommandFinished: Input text admin@example.com COMPLETED
11:04:05.878 [ INFO] maestro.cli.runner.CliConsoleListener.onCommandStart: Tap on id: passwordInput RUNNING
11:04:05.986 [ INFO] maestro.Maestro.tap-HgV9Ck0: Tapping on element:  UiElement(treeNode=TreeNode(attributes={text=Password, accessibilityText=, hintText=Password, ignoreBoundsFiltering=false, resource-id=com.fettqa.events.android:id/passwordInput, clickable=true, bounds=[24,200][296,256], enabled=true, focused=false, checked=false, scrollable=false, selected=false, class=android.widget.EditText, important-for-accessibility=true, error=}, children=[], clickable=true, enabled=true, focused=false, checked=false, selected=false), bounds=Bounds(x=24, y=200, width=272, height=56))
11:04:07.246 [ INFO] maestro.Maestro.tap-HgV9Ck0: Tap aimed via settled hierarchy
11:04:07.247 [ INFO] maestro.Maestro.hierarchyBasedTap-ogj28Uc: Tapping at (160, 228) using hierarchy based logic for wait
11:04:08.236 [ INFO] maestro.Maestro.hierarchyBasedTap-ogj28Uc: Something has changed in the UI judging by view hierarchy. Proceed.
11:04:08.236 [ INFO] maestro.cli.runner.CliConsoleListener.onCommandFinished: Tap on id: passwordInput COMPLETED
11:04:08.236 [ INFO] maestro.cli.runner.CliConsoleListener.onCommandStart: Input text admin123 RUNNING
11:04:08.236 [ INFO] maestro.Maestro.inputText: Inputting text: admin123
11:04:09.808 [ INFO] maestro.cli.runner.CliConsoleListener.onCommandFinished: Input text admin123 COMPLETED
11:04:09.808 [ INFO] maestro.cli.runner.CliConsoleListener.onCommandStart: Tap on id: loginButton RUNNING
11:04:09.908 [ INFO] maestro.Maestro.tap-HgV9Ck0: Tapping on element:  UiElement(treeNode=TreeNode(attributes={text=LOGIN, accessibilityText=, hintText=, ignoreBoundsFiltering=false, resource-id=com.fettqa.events.android:id/loginButton, clickable=true, bounds=[24,272][296,320], enabled=true, focused=false, checked=false, scrollable=false, selected=false, class=android.widget.Button, important-for-accessibility=true, error=}, children=[], clickable=true, enabled=true, focused=false, checked=false, selected=false), bounds=Bounds(x=24, y=272, width=272, height=48))
11:04:11.200 [ INFO] maestro.Maestro.tap-HgV9Ck0: Tap aimed via settled hierarchy
11:04:11.201 [ INFO] maestro.Maestro.hierarchyBasedTap-ogj28Uc: Tapping at (160, 296) using hierarchy based logic for wait
11:04:12.351 [ INFO] maestro.Maestro.hierarchyBasedTap-ogj28Uc: Something has changed in the UI judging by view hierarchy. Proceed.
11:04:12.351 [ INFO] maestro.cli.runner.CliConsoleListener.onCommandFinished: Tap on id: loginButton COMPLETED
11:04:12.351 [ INFO] maestro.cli.runner.CliConsoleListener.onCommandStart: Assert that "Events" is visible RUNNING
11:04:12.435 [ INFO] maestro.cli.runner.CliConsoleListener.onCommandFinished: Assert that "Events" is visible COMPLETED
11:04:12.436 [ INFO] maestro.cli.runner.CliConsoleListener.onCommandStart: Assert that "admin@example.com" is visible RUNNING
11:04:12.551 [ INFO] maestro.cli.runner.CliConsoleListener.onCommandFinished: Assert that "admin@example.com" is visible COMPLETED
11:04:12.552 [ INFO] maestro.cli.runner.CliConsoleListener.onCommandStart: Assert that "Role: ADMIN" is visible RUNNING
11:04:12.632 [ INFO] maestro.cli.runner.CliConsoleListener.onCommandFinished: Assert that "Role: ADMIN" is visible COMPLETED
11:04:12.632 [ INFO] maestro.cli.runner.CliConsoleListener.onCommandFinished: Run subflows/login_as_admin.yaml COMPLETED
11:04:12.632 [ INFO] maestro.cli.runner.CliConsoleListener.onCommandStart: Tap on id: createEventFab RUNNING
11:04:12.756 [ INFO] maestro.Maestro.tap-HgV9Ck0: Tapping on element:  UiElement(treeNode=TreeNode(attributes={text=, accessibilityText=Create event, hintText=, ignoreBoundsFiltering=false, resource-id=com.fettqa.events.android:id/createEventFab, clickable=true, bounds=[248,568][304,624], enabled=true, focused=false, checked=false, scrollable=false, selected=false, class=android.widget.ImageButton, important-for-accessibility=true, error=}, children=[], clickable=true, enabled=true, focused=false, checked=false, selected=false), bounds=Bounds(x=248, y=568, width=56, height=56))
11:04:13.958 [ INFO] maestro.Maestro.tap-HgV9Ck0: Tap aimed via settled hierarchy
11:04:13.959 [ INFO] maestro.Maestro.hierarchyBasedTap-ogj28Uc: Tapping at (276, 596) using hierarchy based logic for wait
11:04:14.959 [ INFO] maestro.Maestro.hierarchyBasedTap-ogj28Uc: Something has changed in the UI judging by view hierarchy. Proceed.
11:04:14.960 [ INFO] maestro.cli.runner.CliConsoleListener.onCommandFinished: Tap on id: createEventFab COMPLETED
11:04:14.960 [ INFO] maestro.cli.runner.CliConsoleListener.onCommandStart: Assert that "Create event" is visible RUNNING
11:04:15.071 [ INFO] maestro.cli.runner.CliConsoleListener.onCommandFinished: Assert that "Create event" is visible COMPLETED
11:04:15.071 [ INFO] maestro.cli.runner.CliConsoleListener.onCommandStart: Tap on id: nameInput RUNNING
11:04:15.149 [ INFO] maestro.Maestro.tap-HgV9Ck0: Tapping on element:  UiElement(treeNode=TreeNode(attributes={text=Event name, accessibilityText=, hintText=Event name, ignoreBoundsFiltering=false, resource-id=com.fettqa.events.android:id/nameInput, clickable=true, bounds=[24,104][296,160], enabled=true, focused=false, checked=false, scrollable=false, selected=false, class=android.widget.EditText, important-for-accessibility=true, error=}, children=[], clickable=true, enabled=true, focused=false, checked=false, selected=false), bounds=Bounds(x=24, y=104, width=272, height=56))
11:04:16.387 [ INFO] maestro.Maestro.tap-HgV9Ck0: Tap aimed via settled hierarchy
11:04:16.388 [ INFO] maestro.Maestro.hierarchyBasedTap-ogj28Uc: Tapping at (160, 132) using hierarchy based logic for wait
11:04:17.302 [ INFO] maestro.Maestro.hierarchyBasedTap-ogj28Uc: Something has changed in the UI judging by view hierarchy. Proceed.
11:04:17.303 [ INFO] maestro.cli.runner.CliConsoleListener.onCommandFinished: Tap on id: nameInput COMPLETED
11:04:17.303 [ INFO] maestro.cli.runner.CliConsoleListener.onCommandStart: Input text Maestro Reg  RUNNING
11:04:17.303 [ INFO] maestro.Maestro.inputText: Inputting text: Maestro Reg 
11:04:19.418 [ INFO] maestro.cli.runner.CliConsoleListener.onCommandFinished: Input text Maestro Reg  COMPLETED
11:04:19.418 [ INFO] maestro.cli.runner.CliConsoleListener.onCommandStart: Input text random NUMBER RUNNING
11:04:19.419 [ INFO] maestro.Maestro.inputText: Inputting text: 340038
11:04:20.862 [ INFO] maestro.cli.runner.CliConsoleListener.onCommandFinished: Input text random NUMBER COMPLETED
11:04:20.862 [ INFO] maestro.cli.runner.CliConsoleListener.onCommandStart: Tap on id: seatsInput RUNNING
11:04:20.950 [ INFO] maestro.Maestro.tap-HgV9Ck0: Tapping on element:  UiElement(treeNode=TreeNode(attributes={text=Max seats, accessibilityText=, hintText=Max seats, ignoreBoundsFiltering=false, resource-id=com.fettqa.events.android:id/seatsInput, clickable=true, bounds=[24,172][296,228], enabled=true, focused=false, checked=false, scrollable=false, selected=false, class=android.widget.EditText, important-for-accessibility=true, error=}, children=[], clickable=true, enabled=true, focused=false, checked=false, selected=false), bounds=Bounds(x=24, y=172, width=272, height=56))
11:04:22.238 [ INFO] maestro.Maestro.tap-HgV9Ck0: Tap aimed via settled hierarchy
11:04:22.239 [ INFO] maestro.Maestro.hierarchyBasedTap-ogj28Uc: Tapping at (160, 200) using hierarchy based logic for wait
11:04:23.140 [ INFO] maestro.Maestro.hierarchyBasedTap-ogj28Uc: Something has changed in the UI judging by view hierarchy. Proceed.
11:04:23.140 [ INFO] maestro.cli.runner.CliConsoleListener.onCommandFinished: Tap on id: seatsInput COMPLETED
11:04:23.140 [ INFO] maestro.cli.runner.CliConsoleListener.onCommandStart: Input text 25 RUNNING
11:04:23.140 [ INFO] maestro.Maestro.inputText: Inputting text: 25
11:04:24.008 [ INFO] maestro.cli.runner.CliConsoleListener.onCommandFinished: Input text 25 COMPLETED
11:04:24.008 [ INFO] maestro.cli.runner.CliConsoleListener.onCommandStart: Tap on id: submitButton RUNNING
11:04:24.128 [ INFO] maestro.Maestro.tap-HgV9Ck0: Tapping on element:  UiElement(treeNode=TreeNode(attributes={text=SUBMIT, accessibilityText=, hintText=, ignoreBoundsFiltering=false, resource-id=com.fettqa.events.android:id/submitButton, clickable=true, bounds=[24,244][296,292], enabled=true, focused=false, checked=false, scrollable=false, selected=false, class=android.widget.Button, important-for-accessibility=true, error=}, children=[], clickable=true, enabled=true, focused=false, checked=false, selected=false), bounds=Bounds(x=24, y=244, width=272, height=48))
11:04:25.380 [ INFO] maestro.Maestro.tap-HgV9Ck0: Tap aimed via settled hierarchy
11:04:25.381 [ INFO] maestro.Maestro.hierarchyBasedTap-ogj28Uc: Tapping at (160, 268) using hierarchy based logic for wait
11:04:26.595 [ INFO] maestro.Maestro.hierarchyBasedTap-ogj28Uc: Something has changed in the UI judging by view hierarchy. Proceed.
11:04:26.596 [ INFO] maestro.cli.runner.CliConsoleListener.onCommandFinished: Tap on id: submitButton COMPLETED
11:04:26.596 [ INFO] maestro.cli.runner.CliConsoleListener.onCommandStart: Assert that id: registerButton is visible RUNNING
11:04:26.675 [ INFO] maestro.cli.runner.CliConsoleListener.onCommandFinished: Assert that id: registerButton is visible COMPLETED
11:04:26.676 [ INFO] maestro.cli.runner.CliConsoleListener.onCommandStart: Tap on id: registerButton RUNNING
11:04:26.764 [ INFO] maestro.Maestro.tap-HgV9Ck0: Tapping on element:  UiElement(treeNode=TreeNode(attributes={text=REGISTER FOR EVENT, accessibilityText=, hintText=, ignoreBoundsFiltering=false, resource-id=com.fettqa.events.android:id/registerButton, clickable=true, bounds=[16,331][304,379], enabled=true, focused=false, checked=false, scrollable=false, selected=false, class=android.widget.Button, important-for-accessibility=true, error=}, children=[], clickable=true, enabled=true, focused=false, checked=false, selected=false), bounds=Bounds(x=16, y=331, width=288, height=48))
11:04:28.011 [ INFO] maestro.Maestro.tap-HgV9Ck0: Tap aimed via settled hierarchy
11:04:28.012 [ INFO] maestro.Maestro.hierarchyBasedTap-ogj28Uc: Tapping at (160, 355) using hierarchy based logic for wait
11:04:29.155 [ INFO] maestro.Maestro.hierarchyBasedTap-ogj28Uc: Something has changed in the UI judging by view hierarchy. Proceed.
11:04:29.156 [ INFO] maestro.cli.runner.CliConsoleListener.onCommandFinished: Tap on id: registerButton COMPLETED
11:04:29.156 [ INFO] maestro.cli.runner.CliConsoleListener.onCommandStart: Assert that "You are registered" is visible RUNNING
11:04:29.288 [ INFO] maestro.cli.runner.CliConsoleListener.onCommandFinished: Assert that "You are registered" is visible COMPLETED
11:04:29.289 [ INFO] maestro.cli.runner.CliConsoleListener.onCommandStart: Assert that id: registrationsRecycler is visible RUNNING
11:04:29.420 [ INFO] maestro.cli.runner.CliConsoleListener.onCommandFinished: Assert that id: registrationsRecycler is visible COMPLETED
